### BTest baseline data generated by btest-diff. Do not edit. Use "btest -U/-u" to update. Requires BTest >= 0.63.
### NOTE: This file has been sorted with diff-sort.
facefish_rootkit_message T[orig_h=127.0.0.1, orig_p=56740/tcp, resp_h=127.0.0.1, resp_p=9999/tcp][payload_len=0, command=512, crc32_payload=0, payload=]
